2026-05-07 12:17:06,875 - mmdet - INFO - Environment info:
------------------------------------------------------------
sys.platform: linux
Python: 3.7.16 (default, Jan 17 2023, 22:20:44) [GCC 11.2.0]
CUDA available: True
GPU 0: NVIDIA GeForce RTX 2080 Ti
CUDA_HOME: /usr
NVCC: Build cuda_11.5.r11.5/compiler.30672275_0
GCC: gcc (Ubuntu 11.4.0-1ubuntu1~22.04.3) 11.4.0
PyTorch: 1.7.1+cu110
PyTorch compiling details: PyTorch built with:
  - GCC 7.3
  - C++ Version: 201402
  - Intel(R) Math Kernel Library Version 2020.0.0 Product Build 20191122 for Intel(R) 64 architecture applications
  - Intel(R) MKL-DNN v1.6.0 (Git Hash 5ef631a030a6f73131c77892041042805a06064f)
  - OpenMP 201511 (a.k.a. OpenMP 4.5)
  - NNPACK is enabled
  - CPU capability usage: AVX2
  - CUDA Runtime 11.0
  - NVCC architecture flags: -gencode;arch=compute_37,code=sm_37;-gencode;arch=compute_50,code=sm_50;-gencode;arch=compute_60,code=sm_60;-gencode;arch=compute_70,code=sm_70;-gencode;arch=compute_75,code=sm_75;-gencode;arch=compute_80,code=sm_80
  - CuDNN 8.0.5
  - Magma 2.5.2
  - Build settings: BLAS=MKL, BUILD_TYPE=Release, CXX_FLAGS= -Wno-deprecated -fvisibility-inlines-hidden -DUSE_PTHREADPOOL -fopenmp -DNDEBUG -DUSE_FBGEMM -DUSE_QNNPACK -DUSE_PYTORCH_QNNPACK -DUSE_XNNPACK -DUSE_VULKAN_WRAPPER -O2 -fPIC -Wno-narrowing -Wall -Wextra -Werror=return-type -Wno-missing-field-initializers -Wno-type-limits -Wno-array-bounds -Wno-unknown-pragmas -Wno-sign-compare -Wno-unused-parameter -Wno-unused-variable -Wno-unused-function -Wno-unused-result -Wno-unused-local-typedefs -Wno-strict-overflow -Wno-strict-aliasing -Wno-error=deprecated-declarations -Wno-stringop-overflow -Wno-psabi -Wno-error=pedantic -Wno-error=redundant-decls -Wno-error=old-style-cast -fdiagnostics-color=always -faligned-new -Wno-unused-but-set-variable -Wno-maybe-uninitialized -fno-math-errno -fno-trapping-math -Werror=format -Wno-stringop-overflow, PERF_WITH_AVX=1, PERF_WITH_AVX2=1, PERF_WITH_AVX512=1, USE_CUDA=ON, USE_EXCEPTION_PTR=1, USE_GFLAGS=OFF, USE_GLOG=OFF, USE_MKL=ON, USE_MKLDNN=ON, USE_MPI=OFF, USE_NCCL=ON, USE_NNPACK=ON, USE_OPENMP=ON, 

TorchVision: 0.8.2+cu110
OpenCV: 4.13.0
MMCV: 1.3.17
MMCV Compiler: GCC 7.3
MMCV CUDA Compiler: 11.0
MMDetection: 2.23.0+2544401
------------------------------------------------------------

2026-05-07 12:17:08,071 - mmdet - INFO - Distributed training: True
2026-05-07 12:17:09,308 - mmdet - INFO - Config:
norm_cfg = dict(type='GN', num_groups=32, requires_grad=True)
model = dict(
    type='FasterRCNN',
    backbone=dict(
        type='SwinTransformer',
        embed_dims=96,
        depths=[2, 2, 6, 2],
        num_heads=[3, 6, 12, 24],
        window_size=7,
        mlp_ratio=4,
        qkv_bias=True,
        qk_scale=None,
        drop_rate=0.0,
        attn_drop_rate=0.0,
        drop_path_rate=0.2,
        patch_norm=True,
        out_indices=(0, 1, 2, 3),
        with_cp=False,
        convert_weights=True,
        init_cfg=dict(
            type='Pretrained', checkpoint='orcn-swin-t-dota-latest.pth')),
    neck=dict(
        type='FPN',
        in_channels=[96, 192, 384, 768],
        out_channels=256,
        num_outs=5),
    rpn_head=dict(
        type='RPNHead',
        in_channels=256,
        feat_channels=256,
        anchor_generator=dict(
            type='AnchorGenerator',
            scales=[8],
            ratios=[0.5, 1.0, 2.0],
            strides=[4, 8, 16, 32, 64]),
        bbox_coder=dict(
            type='DeltaXYWHBBoxCoder',
            target_means=[0.0, 0.0, 0.0, 0.0],
            target_stds=[1.0, 1.0, 1.0, 1.0]),
        loss_cls=dict(
            type='CrossEntropyLoss', use_sigmoid=True, loss_weight=1.0),
        loss_bbox=dict(type='SmoothL1Loss', loss_weight=1.0)),
    roi_head=dict(
        type='StandardRoIHead',
        bbox_roi_extractor=dict(
            type='SingleRoIExtractor',
            roi_layer=dict(type='RoIAlign', output_size=7, sampling_ratio=0),
            out_channels=256,
            featmap_strides=[4, 8, 16, 32]),
        bbox_head=dict(
            type='Shared4Conv1FCBBoxHead',
            conv_out_channels=256,
            norm_cfg=dict(type='GN', num_groups=32, requires_grad=True),
            in_channels=256,
            fc_out_channels=1024,
            roi_feat_size=7,
            num_classes=1,
            bbox_coder=dict(
                type='DeltaXYWHBBoxCoder',
                target_means=[0.0, 0.0, 0.0, 0.0],
                target_stds=[0.1, 0.1, 0.2, 0.2]),
            reg_class_agnostic=False,
            loss_cls=dict(
                type='CrossEntropyLoss', use_sigmoid=False, loss_weight=1.0),
            loss_bbox=dict(type='SmoothL1Loss', loss_weight=1.0))),
    train_cfg=dict(
        rpn=dict(
            assigner=dict(
                type='MaxIoUAssigner',
                pos_iou_thr=0.7,
                neg_iou_thr=0.3,
                min_pos_iou=0.3,
                match_low_quality=True,
                ignore_iof_thr=-1),
            sampler=dict(
                type='RandomSampler',
                num=256,
                pos_fraction=0.5,
                neg_pos_ub=-1,
                add_gt_as_proposals=False),
            allowed_border=-1,
            pos_weight=-1,
            debug=False),
        rpn_proposal=dict(
            nms_pre=2000,
            max_per_img=1000,
            nms=dict(type='nms', iou_threshold=0.7),
            min_bbox_size=0),
        rcnn=dict(
            assigner=dict(
                type='MaxIoUAssigner',
                pos_iou_thr=0.5,
                neg_iou_thr=0.5,
                min_pos_iou=0.5,
                match_low_quality=False,
                ignore_iof_thr=-1),
            sampler=dict(
                type='RandomSampler',
                num=512,
                pos_fraction=0.25,
                neg_pos_ub=-1,
                add_gt_as_proposals=True),
            pos_weight=-1,
            debug=False)),
    test_cfg=dict(
        rpn=dict(
            nms_pre=1000,
            max_per_img=1000,
            nms=dict(type='nms', iou_threshold=0.9),
            min_bbox_size=0),
        rcnn=dict(
            score_thr=0.01,
            nms=dict(type='soft_nms', iou_threshold=0.5, min_score=0.01),
            max_per_img=100)))
dataset_type = 'CocoDataset'
data_root = '/home/ahmadreza/Downloads/Research/M2SODAI/baseline_official/'
img_norm_cfg = dict(
    mean=[123.675, 116.28, 103.53], std=[58.395, 57.12, 57.375], to_rgb=True)
train_pipeline = [
    dict(type='LoadImageFromFile'),
    dict(type='LoadAnnotations', with_bbox=True),
    dict(type='Resize', img_scale=(640, 640), keep_ratio=True),
    dict(
        type='RandomFlip',
        flip_ratio=0.5,
        direction=['horizontal', 'vertical']),
    dict(
        type='Normalize',
        mean=[123.675, 116.28, 103.53],
        std=[58.395, 57.12, 57.375],
        to_rgb=True),
    dict(type='Pad', size_divisor=32),
    dict(type='DefaultFormatBundle'),
    dict(type='Collect', keys=['img', 'gt_bboxes', 'gt_labels'])
]
test_pipeline = [
    dict(type='LoadImageFromFile'),
    dict(
        type='MultiScaleFlipAug',
        img_scale=(640, 640),
        flip=False,
        transforms=[
            dict(type='Resize', keep_ratio=True),
            dict(type='RandomFlip'),
            dict(
                type='Normalize',
                mean=[123.675, 116.28, 103.53],
                std=[58.395, 57.12, 57.375],
                to_rgb=True),
            dict(type='Pad', size_divisor=32),
            dict(type='ImageToTensor', keys=['img']),
            dict(type='Collect', keys=['img'])
        ])
]
data = dict(
    samples_per_gpu=4,
    workers_per_gpu=4,
    train=dict(
        type='CocoDataset',
        ann_file=
        '/home/ahmadreza/Downloads/Research/M2SODAI/baseline_official/fold_2/train/annotations.json',
        img_prefix=
        '/home/ahmadreza/Downloads/Research/M2SODAI/baseline_official/fold_2/train/images/',
        classes=('ship', ),
        pipeline=[
            dict(type='LoadImageFromFile'),
            dict(type='LoadAnnotations', with_bbox=True),
            dict(type='Resize', img_scale=(640, 640), keep_ratio=True),
            dict(
                type='RandomFlip',
                flip_ratio=0.5,
                direction=['horizontal', 'vertical']),
            dict(
                type='Normalize',
                mean=[123.675, 116.28, 103.53],
                std=[58.395, 57.12, 57.375],
                to_rgb=True),
            dict(type='Pad', size_divisor=32),
            dict(type='DefaultFormatBundle'),
            dict(type='Collect', keys=['img', 'gt_bboxes', 'gt_labels'])
        ]),
    val=dict(
        type='CocoDataset',
        ann_file=
        '/home/ahmadreza/Downloads/Research/M2SODAI/baseline_official/fold_2/val/annotations.json',
        img_prefix=
        '/home/ahmadreza/Downloads/Research/M2SODAI/baseline_official/fold_2/val/images/',
        classes=('ship', ),
        pipeline=[
            dict(type='LoadImageFromFile'),
            dict(
                type='MultiScaleFlipAug',
                img_scale=(640, 640),
                flip=False,
                transforms=[
                    dict(type='Resize', keep_ratio=True),
                    dict(type='RandomFlip'),
                    dict(
                        type='Normalize',
                        mean=[123.675, 116.28, 103.53],
                        std=[58.395, 57.12, 57.375],
                        to_rgb=True),
                    dict(type='Pad', size_divisor=32),
                    dict(type='ImageToTensor', keys=['img']),
                    dict(type='Collect', keys=['img'])
                ])
        ]),
    test=dict(
        type='CocoDataset',
        ann_file=
        '/home/ahmadreza/Downloads/Research/M2SODAI/baseline_official/fold_2/val/annotations.json',
        img_prefix=
        '/home/ahmadreza/Downloads/Research/M2SODAI/baseline_official/fold_2/val/images/',
        classes=('ship', ),
        pipeline=[
            dict(type='LoadImageFromFile'),
            dict(
                type='MultiScaleFlipAug',
                img_scale=(640, 640),
                flip=False,
                transforms=[
                    dict(type='Resize', keep_ratio=True),
                    dict(type='RandomFlip'),
                    dict(
                        type='Normalize',
                        mean=[123.675, 116.28, 103.53],
                        std=[58.395, 57.12, 57.375],
                        to_rgb=True),
                    dict(type='Pad', size_divisor=32),
                    dict(type='ImageToTensor', keys=['img']),
                    dict(type='Collect', keys=['img'])
                ])
        ]))
optimizer = dict(type='AdamW', lr=0.0001, weight_decay=0.05)
optimizer_config = dict(grad_clip=None)
lr_config = dict(
    policy='step',
    warmup='linear',
    warmup_iters=500,
    warmup_ratio=0.001,
    step=[8, 11])
runner = dict(type='EpochBasedRunner', max_epochs=300)
evaluation = dict(interval=10, metric='bbox')
checkpoint_config = dict(interval=1)
log_config = dict(
    interval=50,
    hooks=[dict(type='TextLoggerHook'),
           dict(type='TensorboardLoggerHook')])
custom_hooks = [
    dict(
        type='EarlyStoppingHook',
        monitor='bbox_mAP',
        patience=5,
        min_delta=0.001)
]
dist_params = dict(backend='nccl')
log_level = 'INFO'
load_from = None
resume_from = None
workflow = [('train', 1)]
work_dir = '/home/ahmadreza/Downloads/Research/M2SODAI/baseline_official/runs_swin_hbb/swin_t_hbb_fold_2'
seed = 0
deterministic = True
auto_resume = False
gpu_ids = range(0, 1)

2026-05-07 12:17:09,308 - mmdet - INFO - Set random seed to 42, deterministic: False
2026-05-07 12:17:09,918 - mmdet - INFO - load checkpoint from local path: orcn-swin-t-dota-latest.pth
2026-05-07 12:17:10,558 - mmdet - INFO - initialize FPN with init_cfg {'type': 'Xavier', 'layer': 'Conv2d', 'distribution': 'uniform'}
2026-05-07 12:17:10,583 - mmdet - INFO - initialize RPNHead with init_cfg {'type': 'Normal', 'layer': 'Conv2d', 'std': 0.01}
2026-05-07 12:17:10,593 - mmdet - INFO - initialize Shared4Conv1FCBBoxHead with init_cfg [{'type': 'Normal', 'std': 0.01, 'override': {'name': 'fc_cls'}}, {'type': 'Normal', 'std': 0.001, 'override': {'name': 'fc_reg'}}, {'type': 'Xavier', 'distribution': 'uniform', 'override': [{'name': 'shared_fcs'}, {'name': 'cls_fcs'}, {'name': 'reg_fcs'}]}]
Name of parameter - Initialization information

backbone.patch_embed.projection.weight - torch.Size([96, 3, 4, 4]): 
Initialized by user-defined `init_weights` in SwinTransformer  

backbone.patch_embed.projection.bias - torch.Size([96]): 
Initialized by user-defined `init_weights` in SwinTransformer  

backbone.patch_embed.norm.weight - torch.Size([96]): 
Initialized by user-defined `init_weights` in SwinTransformer  

backbone.patch_embed.norm.bias - torch.Size([96]): 
Initialized by user-defined `init_weights` in SwinTransformer  

backbone.stages.0.blocks.0.norm1.weight - torch.Size([96]): 
Initialized by user-defined `init_weights` in SwinTransformer  

backbone.stages.0.blocks.0.norm1.bias - torch.Size([96]): 
Initialized by user-defined `init_weights` in SwinTransformer  

backbone.stages.0.blocks.0.attn.w_msa.relative_position_bias_table - torch.Size([169, 3]): 
Initialized by user-defined `init_weights` in SwinTransformer  

backbone.stages.0.blocks.0.attn.w_msa.qkv.weight - torch.Size([288, 96]): 
Initialized by user-defined `init_weights` in SwinTransformer  

backbone.stages.0.blocks.0.attn.w_msa.qkv.bias - torch.Size([288]): 
Initialized by user-defined `init_weights` in SwinTransformer  

backbone.stages.0.blocks.0.attn.w_msa.proj.weight - torch.Size([96, 96]): 
Initialized by user-defined `init_weights` in SwinTransformer  

backbone.stages.0.blocks.0.attn.w_msa.proj.bias - torch.Size([96]): 
Initialized by user-defined `init_weights` in SwinTransformer  

backbone.stages.0.blocks.0.norm2.weight - torch.Size([96]): 
Initialized by user-defined `init_weights` in SwinTransformer  

backbone.stages.0.blocks.0.norm2.bias - torch.Size([96]): 
Initialized by user-defined `init_weights` in SwinTransformer  

backbone.stages.0.blocks.0.ffn.layers.0.0.weight - torch.Size([384, 96]): 
Initialized by user-defined `init_weights` in SwinTransformer  

backbone.stages.0.blocks.0.ffn.layers.0.0.bias - torch.Size([384]): 
Initialized by user-defined `init_weights` in SwinTransformer  

backbone.stages.0.blocks.0.ffn.layers.1.weight - torch.Size([96, 384]): 
Initialized by user-defined `init_weights` in SwinTransformer  

backbone.stages.0.blocks.0.ffn.layers.1.bias - torch.Size([96]): 
Initialized by user-defined `init_weights` in SwinTransformer  

backbone.stages.0.blocks.1.norm1.weight - torch.Size([96]): 
Initialized by user-defined `init_weights` in SwinTransformer  

backbone.stages.0.blocks.1.norm1.bias - torch.Size([96]): 
Initialized by user-defined `init_weights` in SwinTransformer  

backbone.stages.0.blocks.1.attn.w_msa.relative_position_bias_table - torch.Size([169, 3]): 
Initialized by user-defined `init_weights` in SwinTransformer  

backbone.stages.0.blocks.1.attn.w_msa.qkv.weight - torch.Size([288, 96]): 
Initialized by user-defined `init_weights` in SwinTransformer  

backbone.stages.0.blocks.1.attn.w_msa.qkv.bias - torch.Size([288]): 
Initialized by user-defined `init_weights` in SwinTransformer  

backbone.stages.0.blocks.1.attn.w_msa.proj.weight - torch.Size([96, 96]): 
Initialized by user-defined `init_weights` in SwinTransformer  

backbone.stages.0.blocks.1.attn.w_msa.proj.bias - torch.Size([96]): 
Initialized by user-defined `init_weights` in SwinTransformer  

backbone.stages.0.blocks.1.norm2.weight - torch.Size([96]): 
Initialized by user-defined `init_weights` in SwinTransformer  

backbone.stages.0.blocks.1.norm2.bias - torch.Size([96]): 
Initialized by user-defined `init_weights` in SwinTransformer  

backbone.stages.0.blocks.1.ffn.layers.0.0.weight - torch.Size([384, 96]): 
Initialized by user-defined `init_weights` in SwinTransformer  

backbone.stages.0.blocks.1.ffn.layers.0.0.bias - torch.Size([384]): 
Initialized by user-defined `init_weights` in SwinTransformer  

backbone.stages.0.blocks.1.ffn.layers.1.weight - torch.Size([96, 384]): 
Initialized by user-defined `init_weights` in SwinTransformer  

backbone.stages.0.blocks.1.ffn.layers.1.bias - torch.Size([96]): 
Initialized by user-defined `init_weights` in SwinTransformer  

backbone.stages.0.downsample.norm.weight - torch.Size([384]): 
Initialized by user-defined `init_weights` in SwinTransformer  

backbone.stages.0.downsample.norm.bias - torch.Size([384]): 
Initialized by user-defined `init_weights` in SwinTransformer  

backbone.stages.0.downsample.reduction.weight - torch.Size([192, 384]): 
Initialized by user-defined `init_weights` in SwinTransformer  

backbone.stages.1.blocks.0.norm1.weight - torch.Size([192]): 
Initialized by user-defined `init_weights` in SwinTransformer  

backbone.stages.1.blocks.0.norm1.bias - torch.Size([192]): 
Initialized by user-defined `init_weights` in SwinTransformer  

backbone.stages.1.blocks.0.attn.w_msa.relative_position_bias_table - torch.Size([169, 6]): 
Initialized by user-defined `init_weights` in SwinTransformer  

backbone.stages.1.blocks.0.attn.w_msa.qkv.weight - torch.Size([576, 192]): 
Initialized by user-defined `init_weights` in SwinTransformer  

backbone.stages.1.blocks.0.attn.w_msa.qkv.bias - torch.Size([576]): 
Initialized by user-defined `init_weights` in SwinTransformer  

backbone.stages.1.blocks.0.attn.w_msa.proj.weight - torch.Size([192, 192]): 
Initialized by user-defined `init_weights` in SwinTransformer  

backbone.stages.1.blocks.0.attn.w_msa.proj.bias - torch.Size([192]): 
Initialized by user-defined `init_weights` in SwinTransformer  

backbone.stages.1.blocks.0.norm2.weight - torch.Size([192]): 
Initialized by user-defined `init_weights` in SwinTransformer  

backbone.stages.1.blocks.0.norm2.bias - torch.Size([192]): 
Initialized by user-defined `init_weights` in SwinTransformer  

backbone.stages.1.blocks.0.ffn.layers.0.0.weight - torch.Size([768, 192]): 
Initialized by user-defined `init_weights` in SwinTransformer  

backbone.stages.1.blocks.0.ffn.layers.0.0.bias - torch.Size([768]): 
Initialized by user-defined `init_weights` in SwinTransformer  

backbone.stages.1.blocks.0.ffn.layers.1.weight - torch.Size([192, 768]): 
Initialized by user-defined `init_weights` in SwinTransformer  

backbone.stages.1.blocks.0.ffn.layers.1.bias - torch.Size([192]): 
Initialized by user-defined `init_weights` in SwinTransformer  

backbone.stages.1.blocks.1.norm1.weight - torch.Size([192]): 
Initialized by user-defined `init_weights` in SwinTransformer  

backbone.stages.1.blocks.1.norm1.bias - torch.Size([192]): 
Initialized by user-defined `init_weights` in SwinTransformer  

backbone.stages.1.blocks.1.attn.w_msa.relative_position_bias_table - torch.Size([169, 6]): 
Initialized by user-defined `init_weights` in SwinTransformer  

backbone.stages.1.blocks.1.attn.w_msa.qkv.weight - torch.Size([576, 192]): 
Initialized by user-defined `init_weights` in SwinTransformer  

backbone.stages.1.blocks.1.attn.w_msa.qkv.bias - torch.Size([576]): 
Initialized by user-defined `init_weights` in SwinTransformer  

backbone.stages.1.blocks.1.attn.w_msa.proj.weight - torch.Size([192, 192]): 
Initialized by user-defined `init_weights` in SwinTransformer  

backbone.stages.1.blocks.1.attn.w_msa.proj.bias - torch.Size([192]): 
Initialized by user-defined `init_weights` in SwinTransformer  

backbone.stages.1.blocks.1.norm2.weight - torch.Size([192]): 
Initialized by user-defined `init_weights` in SwinTransformer  

backbone.stages.1.blocks.1.norm2.bias - torch.Size([192]): 
Initialized by user-defined `init_weights` in SwinTransformer  

backbone.stages.1.blocks.1.ffn.layers.0.0.weight - torch.Size([768, 192]): 
Initialized by user-defined `init_weights` in SwinTransformer  

backbone.stages.1.blocks.1.ffn.layers.0.0.bias - torch.Size([768]): 
Initialized by user-defined `init_weights` in SwinTransformer  

backbone.stages.1.blocks.1.ffn.layers.1.weight - torch.Size([192, 768]): 
Initialized by user-defined `init_weights` in SwinTransformer  

backbone.stages.1.blocks.1.ffn.layers.1.bias - torch.Size([192]): 
Initialized by user-defined `init_weights` in SwinTransformer  

backbone.stages.1.downsample.norm.weight - torch.Size([768]): 
Initialized by user-defined `init_weights` in SwinTransformer  

backbone.stages.1.downsample.norm.bias - torch.Size([768]): 
Initialized by user-defined `init_weights` in SwinTransformer  

backbone.stages.1.downsample.reduction.weight - torch.Size([384, 768]): 
Initialized by user-defined `init_weights` in SwinTransformer  

backbone.stages.2.blocks.0.norm1.weight - torch.Size([384]): 
Initialized by user-defined `init_weights` in SwinTransformer  

backbone.stages.2.blocks.0.norm1.bias - torch.Size([384]): 
Initialized by user-defined `init_weights` in SwinTransformer  

backbone.stages.2.blocks.0.attn.w_msa.relative_position_bias_table - torch.Size([169, 12]): 
Initialized by user-defined `init_weights` in SwinTransformer  

backbone.stages.2.blocks.0.attn.w_msa.qkv.weight - torch.Size([1152, 384]): 
Initialized by user-defined `init_weights` in SwinTransformer  

backbone.stages.2.blocks.0.attn.w_msa.qkv.bias - torch.Size([1152]): 
Initialized by user-defined `init_weights` in SwinTransformer  

backbone.stages.2.blocks.0.attn.w_msa.proj.weight - torch.Size([384, 384]): 
Initialized by user-defined `init_weights` in SwinTransformer  

backbone.stages.2.blocks.0.attn.w_msa.proj.bias - torch.Size([384]): 
Initialized by user-defined `init_weights` in SwinTransformer  

backbone.stages.2.blocks.0.norm2.weight - torch.Size([384]): 
Initialized by user-defined `init_weights` in SwinTransformer  

backbone.stages.2.blocks.0.norm2.bias - torch.Size([384]): 
Initialized by user-defined `init_weights` in SwinTransformer  

backbone.stages.2.blocks.0.ffn.layers.0.0.weight - torch.Size([1536, 384]): 
Initialized by user-defined `init_weights` in SwinTransformer  

backbone.stages.2.blocks.0.ffn.layers.0.0.bias - torch.Size([1536]): 
Initialized by user-defined `init_weights` in SwinTransformer  

backbone.stages.2.blocks.0.ffn.layers.1.weight - torch.Size([384, 1536]): 
Initialized by user-defined `init_weights` in SwinTransformer  

backbone.stages.2.blocks.0.ffn.layers.1.bias - torch.Size([384]): 
Initialized by user-defined `init_weights` in SwinTransformer  

backbone.stages.2.blocks.1.norm1.weight - torch.Size([384]): 
Initialized by user-defined `init_weights` in SwinTransformer  

backbone.stages.2.blocks.1.norm1.bias - torch.Size([384]): 
Initialized by user-defined `init_weights` in SwinTransformer  

backbone.stages.2.blocks.1.attn.w_msa.relative_position_bias_table - torch.Size([169, 12]): 
Initialized by user-defined `init_weights` in SwinTransformer  

backbone.stages.2.blocks.1.attn.w_msa.qkv.weight - torch.Size([1152, 384]): 
Initialized by user-defined `init_weights` in SwinTransformer  

backbone.stages.2.blocks.1.attn.w_msa.qkv.bias - torch.Size([1152]): 
Initialized by user-defined `init_weights` in SwinTransformer  

backbone.stages.2.blocks.1.attn.w_msa.proj.weight - torch.Size([384, 384]): 
Initialized by user-defined `init_weights` in SwinTransformer  

backbone.stages.2.blocks.1.attn.w_msa.proj.bias - torch.Size([384]): 
Initialized by user-defined `init_weights` in SwinTransformer  

backbone.stages.2.blocks.1.norm2.weight - torch.Size([384]): 
Initialized by user-defined `init_weights` in SwinTransformer  

backbone.stages.2.blocks.1.norm2.bias - torch.Size([384]): 
Initialized by user-defined `init_weights` in SwinTransformer  

backbone.stages.2.blocks.1.ffn.layers.0.0.weight - torch.Size([1536, 384]): 
Initialized by user-defined `init_weights` in SwinTransformer  

backbone.stages.2.blocks.1.ffn.layers.0.0.bias - torch.Size([1536]): 
Initialized by user-defined `init_weights` in SwinTransformer  

backbone.stages.2.blocks.1.ffn.layers.1.weight - torch.Size([384, 1536]): 
Initialized by user-defined `init_weights` in SwinTransformer  

backbone.stages.2.blocks.1.ffn.layers.1.bias - torch.Size([384]): 
Initialized by user-defined `init_weights` in SwinTransformer  

backbone.stages.2.blocks.2.norm1.weight - torch.Size([384]): 
Initialized by user-defined `init_weights` in SwinTransformer  

backbone.stages.2.blocks.2.norm1.bias - torch.Size([384]): 
Initialized by user-defined `init_weights` in SwinTransformer  

backbone.stages.2.blocks.2.attn.w_msa.relative_position_bias_table - torch.Size([169, 12]): 
Initialized by user-defined `init_weights` in SwinTransformer  

backbone.stages.2.blocks.2.attn.w_msa.qkv.weight - torch.Size([1152, 384]): 
Initialized by user-defined `init_weights` in SwinTransformer  

backbone.stages.2.blocks.2.attn.w_msa.qkv.bias - torch.Size([1152]): 
Initialized by user-defined `init_weights` in SwinTransformer  

backbone.stages.2.blocks.2.attn.w_msa.proj.weight - torch.Size([384, 384]): 
Initialized by user-defined `init_weights` in SwinTransformer  

backbone.stages.2.blocks.2.attn.w_msa.proj.bias - torch.Size([384]): 
Initialized by user-defined `init_weights` in SwinTransformer  

backbone.stages.2.blocks.2.norm2.weight - torch.Size([384]): 
Initialized by user-defined `init_weights` in SwinTransformer  

backbone.stages.2.blocks.2.norm2.bias - torch.Size([384]): 
Initialized by user-defined `init_weights` in SwinTransformer  

backbone.stages.2.blocks.2.ffn.layers.0.0.weight - torch.Size([1536, 384]): 
Initialized by user-defined `init_weights` in SwinTransformer  

backbone.stages.2.blocks.2.ffn.layers.0.0.bias - torch.Size([1536]): 
Initialized by user-defined `init_weights` in SwinTransformer  

backbone.stages.2.blocks.2.ffn.layers.1.weight - torch.Size([384, 1536]): 
Initialized by user-defined `init_weights` in SwinTransformer  

backbone.stages.2.blocks.2.ffn.layers.1.bias - torch.Size([384]): 
Initialized by user-defined `init_weights` in SwinTransformer  

backbone.stages.2.blocks.3.norm1.weight - torch.Size([384]): 
Initialized by user-defined `init_weights` in SwinTransformer  

backbone.stages.2.blocks.3.norm1.bias - torch.Size([384]): 
Initialized by user-defined `init_weights` in SwinTransformer  

backbone.stages.2.blocks.3.attn.w_msa.relative_position_bias_table - torch.Size([169, 12]): 
Initialized by user-defined `init_weights` in SwinTransformer  

backbone.stages.2.blocks.3.attn.w_msa.qkv.weight - torch.Size([1152, 384]): 
Initialized by user-defined `init_weights` in SwinTransformer  

backbone.stages.2.blocks.3.attn.w_msa.qkv.bias - torch.Size([1152]): 
Initialized by user-defined `init_weights` in SwinTransformer  

backbone.stages.2.blocks.3.attn.w_msa.proj.weight - torch.Size([384, 384]): 
Initialized by user-defined `init_weights` in SwinTransformer  

backbone.stages.2.blocks.3.attn.w_msa.proj.bias - torch.Size([384]): 
Initialized by user-defined `init_weights` in SwinTransformer  

backbone.stages.2.blocks.3.norm2.weight - torch.Size([384]): 
Initialized by user-defined `init_weights` in SwinTransformer  

backbone.stages.2.blocks.3.norm2.bias - torch.Size([384]): 
Initialized by user-defined `init_weights` in SwinTransformer  

backbone.stages.2.blocks.3.ffn.layers.0.0.weight - torch.Size([1536, 384]): 
Initialized by user-defined `init_weights` in SwinTransformer  

backbone.stages.2.blocks.3.ffn.layers.0.0.bias - torch.Size([1536]): 
Initialized by user-defined `init_weights` in SwinTransformer  

backbone.stages.2.blocks.3.ffn.layers.1.weight - torch.Size([384, 1536]): 
Initialized by user-defined `init_weights` in SwinTransformer  

backbone.stages.2.blocks.3.ffn.layers.1.bias - torch.Size([384]): 
Initialized by user-defined `init_weights` in SwinTransformer  

backbone.stages.2.blocks.4.norm1.weight - torch.Size([384]): 
Initialized by user-defined `init_weights` in SwinTransformer  

backbone.stages.2.blocks.4.norm1.bias - torch.Size([384]): 
Initialized by user-defined `init_weights` in SwinTransformer  

backbone.stages.2.blocks.4.attn.w_msa.relative_position_bias_table - torch.Size([169, 12]): 
Initialized by user-defined `init_weights` in SwinTransformer  

backbone.stages.2.blocks.4.attn.w_msa.qkv.weight - torch.Size([1152, 384]): 
Initialized by user-defined `init_weights` in SwinTransformer  

backbone.stages.2.blocks.4.attn.w_msa.qkv.bias - torch.Size([1152]): 
Initialized by user-defined `init_weights` in SwinTransformer  

backbone.stages.2.blocks.4.attn.w_msa.proj.weight - torch.Size([384, 384]): 
Initialized by user-defined `init_weights` in SwinTransformer  

backbone.stages.2.blocks.4.attn.w_msa.proj.bias - torch.Size([384]): 
Initialized by user-defined `init_weights` in SwinTransformer  

backbone.stages.2.blocks.4.norm2.weight - torch.Size([384]): 
Initialized by user-defined `init_weights` in SwinTransformer  

backbone.stages.2.blocks.4.norm2.bias - torch.Size([384]): 
Initialized by user-defined `init_weights` in SwinTransformer  

backbone.stages.2.blocks.4.ffn.layers.0.0.weight - torch.Size([1536, 384]): 
Initialized by user-defined `init_weights` in SwinTransformer  

backbone.stages.2.blocks.4.ffn.layers.0.0.bias - torch.Size([1536]): 
Initialized by user-defined `init_weights` in SwinTransformer  

backbone.stages.2.blocks.4.ffn.layers.1.weight - torch.Size([384, 1536]): 
Initialized by user-defined `init_weights` in SwinTransformer  

backbone.stages.2.blocks.4.ffn.layers.1.bias - torch.Size([384]): 
Initialized by user-defined `init_weights` in SwinTransformer  

backbone.stages.2.blocks.5.norm1.weight - torch.Size([384]): 
Initialized by user-defined `init_weights` in SwinTransformer  

backbone.stages.2.blocks.5.norm1.bias - torch.Size([384]): 
Initialized by user-defined `init_weights` in SwinTransformer  

backbone.stages.2.blocks.5.attn.w_msa.relative_position_bias_table - torch.Size([169, 12]): 
Initialized by user-defined `init_weights` in SwinTransformer  

backbone.stages.2.blocks.5.attn.w_msa.qkv.weight - torch.Size([1152, 384]): 
Initialized by user-defined `init_weights` in SwinTransformer  

backbone.stages.2.blocks.5.attn.w_msa.qkv.bias - torch.Size([1152]): 
Initialized by user-defined `init_weights` in SwinTransformer  

backbone.stages.2.blocks.5.attn.w_msa.proj.weight - torch.Size([384, 384]): 
Initialized by user-defined `init_weights` in SwinTransformer  

backbone.stages.2.blocks.5.attn.w_msa.proj.bias - torch.Size([384]): 
Initialized by user-defined `init_weights` in SwinTransformer  

backbone.stages.2.blocks.5.norm2.weight - torch.Size([384]): 
Initialized by user-defined `init_weights` in SwinTransformer  

backbone.stages.2.blocks.5.norm2.bias - torch.Size([384]): 
Initialized by user-defined `init_weights` in SwinTransformer  

backbone.stages.2.blocks.5.ffn.layers.0.0.weight - torch.Size([1536, 384]): 
Initialized by user-defined `init_weights` in SwinTransformer  

backbone.stages.2.blocks.5.ffn.layers.0.0.bias - torch.Size([1536]): 
Initialized by user-defined `init_weights` in SwinTransformer  

backbone.stages.2.blocks.5.ffn.layers.1.weight - torch.Size([384, 1536]): 
Initialized by user-defined `init_weights` in SwinTransformer  

backbone.stages.2.blocks.5.ffn.layers.1.bias - torch.Size([384]): 
Initialized by user-defined `init_weights` in SwinTransformer  

backbone.stages.2.downsample.norm.weight - torch.Size([1536]): 
Initialized by user-defined `init_weights` in SwinTransformer  

backbone.stages.2.downsample.norm.bias - torch.Size([1536]): 
Initialized by user-defined `init_weights` in SwinTransformer  

backbone.stages.2.downsample.reduction.weight - torch.Size([768, 1536]): 
Initialized by user-defined `init_weights` in SwinTransformer  

backbone.stages.3.blocks.0.norm1.weight - torch.Size([768]): 
Initialized by user-defined `init_weights` in SwinTransformer  

backbone.stages.3.blocks.0.norm1.bias - torch.Size([768]): 
Initialized by user-defined `init_weights` in SwinTransformer  

backbone.stages.3.blocks.0.attn.w_msa.relative_position_bias_table - torch.Size([169, 24]): 
Initialized by user-defined `init_weights` in SwinTransformer  

backbone.stages.3.blocks.0.attn.w_msa.qkv.weight - torch.Size([2304, 768]): 
Initialized by user-defined `init_weights` in SwinTransformer  

backbone.stages.3.blocks.0.attn.w_msa.qkv.bias - torch.Size([2304]): 
Initialized by user-defined `init_weights` in SwinTransformer  

backbone.stages.3.blocks.0.attn.w_msa.proj.weight - torch.Size([768, 768]): 
Initialized by user-defined `init_weights` in SwinTransformer  

backbone.stages.3.blocks.0.attn.w_msa.proj.bias - torch.Size([768]): 
Initialized by user-defined `init_weights` in SwinTransformer  

backbone.stages.3.blocks.0.norm2.weight - torch.Size([768]): 
Initialized by user-defined `init_weights` in SwinTransformer  

backbone.stages.3.blocks.0.norm2.bias - torch.Size([768]): 
Initialized by user-defined `init_weights` in SwinTransformer  

backbone.stages.3.blocks.0.ffn.layers.0.0.weight - torch.Size([3072, 768]): 
Initialized by user-defined `init_weights` in SwinTransformer  

backbone.stages.3.blocks.0.ffn.layers.0.0.bias - torch.Size([3072]): 
Initialized by user-defined `init_weights` in SwinTransformer  

backbone.stages.3.blocks.0.ffn.layers.1.weight - torch.Size([768, 3072]): 
Initialized by user-defined `init_weights` in SwinTransformer  

backbone.stages.3.blocks.0.ffn.layers.1.bias - torch.Size([768]): 
Initialized by user-defined `init_weights` in SwinTransformer  

backbone.stages.3.blocks.1.norm1.weight - torch.Size([768]): 
Initialized by user-defined `init_weights` in SwinTransformer  

backbone.stages.3.blocks.1.norm1.bias - torch.Size([768]): 
Initialized by user-defined `init_weights` in SwinTransformer  

backbone.stages.3.blocks.1.attn.w_msa.relative_position_bias_table - torch.Size([169, 24]): 
Initialized by user-defined `init_weights` in SwinTransformer  

backbone.stages.3.blocks.1.attn.w_msa.qkv.weight - torch.Size([2304, 768]): 
Initialized by user-defined `init_weights` in SwinTransformer  

backbone.stages.3.blocks.1.attn.w_msa.qkv.bias - torch.Size([2304]): 
Initialized by user-defined `init_weights` in SwinTransformer  

backbone.stages.3.blocks.1.attn.w_msa.proj.weight - torch.Size([768, 768]): 
Initialized by user-defined `init_weights` in SwinTransformer  

backbone.stages.3.blocks.1.attn.w_msa.proj.bias - torch.Size([768]): 
Initialized by user-defined `init_weights` in SwinTransformer  

backbone.stages.3.blocks.1.norm2.weight - torch.Size([768]): 
Initialized by user-defined `init_weights` in SwinTransformer  

backbone.stages.3.blocks.1.norm2.bias - torch.Size([768]): 
Initialized by user-defined `init_weights` in SwinTransformer  

backbone.stages.3.blocks.1.ffn.layers.0.0.weight - torch.Size([3072, 768]): 
Initialized by user-defined `init_weights` in SwinTransformer  

backbone.stages.3.blocks.1.ffn.layers.0.0.bias - torch.Size([3072]): 
Initialized by user-defined `init_weights` in SwinTransformer  

backbone.stages.3.blocks.1.ffn.layers.1.weight - torch.Size([768, 3072]): 
Initialized by user-defined `init_weights` in SwinTransformer  

backbone.stages.3.blocks.1.ffn.layers.1.bias - torch.Size([768]): 
Initialized by user-defined `init_weights` in SwinTransformer  

backbone.norm0.weight - torch.Size([96]): 
Initialized by user-defined `init_weights` in SwinTransformer  

backbone.norm0.bias - torch.Size([96]): 
Initialized by user-defined `init_weights` in SwinTransformer  

backbone.norm1.weight - torch.Size([192]): 
Initialized by user-defined `init_weights` in SwinTransformer  

backbone.norm1.bias - torch.Size([192]): 
Initialized by user-defined `init_weights` in SwinTransformer  

backbone.norm2.weight - torch.Size([384]): 
Initialized by user-defined `init_weights` in SwinTransformer  

backbone.norm2.bias - torch.Size([384]): 
Initialized by user-defined `init_weights` in SwinTransformer  

backbone.norm3.weight - torch.Size([768]): 
Initialized by user-defined `init_weights` in SwinTransformer  

backbone.norm3.bias - torch.Size([768]): 
Initialized by user-defined `init_weights` in SwinTransformer  

neck.lateral_convs.0.conv.weight - torch.Size([256, 96, 1, 1]): 
XavierInit: gain=1, distribution=uniform, bias=0 

neck.lateral_convs.0.conv.bias - torch.Size([256]): 
The value is the same before and after calling `init_weights` of FasterRCNN  

neck.lateral_convs.1.conv.weight - torch.Size([256, 192, 1, 1]): 
XavierInit: gain=1, distribution=uniform, bias=0 

neck.lateral_convs.1.conv.bias - torch.Size([256]): 
The value is the same before and after calling `init_weights` of FasterRCNN  

neck.lateral_convs.2.conv.weight - torch.Size([256, 384, 1, 1]): 
XavierInit: gain=1, distribution=uniform, bias=0 

neck.lateral_convs.2.conv.bias - torch.Size([256]): 
The value is the same before and after calling `init_weights` of FasterRCNN  

neck.lateral_convs.3.conv.weight - torch.Size([256, 768, 1, 1]): 
XavierInit: gain=1, distribution=uniform, bias=0 

neck.lateral_convs.3.conv.bias - torch.Size([256]): 
The value is the same before and after calling `init_weights` of FasterRCNN  

neck.fpn_convs.0.conv.weight - torch.Size([256, 256, 3, 3]): 
XavierInit: gain=1, distribution=uniform, bias=0 

neck.fpn_convs.0.conv.bias - torch.Size([256]): 
The value is the same before and after calling `init_weights` of FasterRCNN  

neck.fpn_convs.1.conv.weight - torch.Size([256, 256, 3, 3]): 
XavierInit: gain=1, distribution=uniform, bias=0 

neck.fpn_convs.1.conv.bias - torch.Size([256]): 
The value is the same before and after calling `init_weights` of FasterRCNN  

neck.fpn_convs.2.conv.weight - torch.Size([256, 256, 3, 3]): 
XavierInit: gain=1, distribution=uniform, bias=0 

neck.fpn_convs.2.conv.bias - torch.Size([256]): 
The value is the same before and after calling `init_weights` of FasterRCNN  

neck.fpn_convs.3.conv.weight - torch.Size([256, 256, 3, 3]): 
XavierInit: gain=1, distribution=uniform, bias=0 

neck.fpn_convs.3.conv.bias - torch.Size([256]): 
The value is the same before and after calling `init_weights` of FasterRCNN  

rpn_head.rpn_conv.weight - torch.Size([256, 256, 3, 3]): 
NormalInit: mean=0, std=0.01, bias=0 

rpn_head.rpn_conv.bias - torch.Size([256]): 
NormalInit: mean=0, std=0.01, bias=0 

rpn_head.rpn_cls.weight - torch.Size([3, 256, 1, 1]): 
NormalInit: mean=0, std=0.01, bias=0 

rpn_head.rpn_cls.bias - torch.Size([3]): 
NormalInit: mean=0, std=0.01, bias=0 

rpn_head.rpn_reg.weight - torch.Size([12, 256, 1, 1]): 
NormalInit: mean=0, std=0.01, bias=0 

rpn_head.rpn_reg.bias - torch.Size([12]): 
NormalInit: mean=0, std=0.01, bias=0 

roi_head.bbox_head.fc_cls.weight - torch.Size([2, 1024]): 
NormalInit: mean=0, std=0.01, bias=0 

roi_head.bbox_head.fc_cls.bias - torch.Size([2]): 
NormalInit: mean=0, std=0.01, bias=0 

roi_head.bbox_head.fc_reg.weight - torch.Size([4, 1024]): 
NormalInit: mean=0, std=0.001, bias=0 

roi_head.bbox_head.fc_reg.bias - torch.Size([4]): 
NormalInit: mean=0, std=0.001, bias=0 

roi_head.bbox_head.shared_convs.0.conv.weight - torch.Size([256, 256, 3, 3]): 
The value is the same before and after calling `init_weights` of FasterRCNN  

roi_head.bbox_head.shared_convs.0.gn.weight - torch.Size([256]): 
The value is the same before and after calling `init_weights` of FasterRCNN  

roi_head.bbox_head.shared_convs.0.gn.bias - torch.Size([256]): 
The value is the same before and after calling `init_weights` of FasterRCNN  

roi_head.bbox_head.shared_convs.1.conv.weight - torch.Size([256, 256, 3, 3]): 
The value is the same before and after calling `init_weights` of FasterRCNN  

roi_head.bbox_head.shared_convs.1.gn.weight - torch.Size([256]): 
The value is the same before and after calling `init_weights` of FasterRCNN  

roi_head.bbox_head.shared_convs.1.gn.bias - torch.Size([256]): 
The value is the same before and after calling `init_weights` of FasterRCNN  

roi_head.bbox_head.shared_convs.2.conv.weight - torch.Size([256, 256, 3, 3]): 
The value is the same before and after calling `init_weights` of FasterRCNN  

roi_head.bbox_head.shared_convs.2.gn.weight - torch.Size([256]): 
The value is the same before and after calling `init_weights` of FasterRCNN  

roi_head.bbox_head.shared_convs.2.gn.bias - torch.Size([256]): 
The value is the same before and after calling `init_weights` of FasterRCNN  

roi_head.bbox_head.shared_convs.3.conv.weight - torch.Size([256, 256, 3, 3]): 
The value is the same before and after calling `init_weights` of FasterRCNN  

roi_head.bbox_head.shared_convs.3.gn.weight - torch.Size([256]): 
The value is the same before and after calling `init_weights` of FasterRCNN  

roi_head.bbox_head.shared_convs.3.gn.bias - torch.Size([256]): 
The value is the same before and after calling `init_weights` of FasterRCNN  

roi_head.bbox_head.shared_fcs.0.weight - torch.Size([1024, 12544]): 
XavierInit: gain=1, distribution=uniform, bias=0 

roi_head.bbox_head.shared_fcs.0.bias - torch.Size([1024]): 
XavierInit: gain=1, distribution=uniform, bias=0 
2026-05-07 12:17:11,120 - mmdet - INFO - Start running, host: ahmadreza@quartz, work_dir: /home/ahmadreza/Downloads/Research/M2SODAI/baseline_official/runs_swin_hbb/swin_t_hbb_fold_2
2026-05-07 12:17:11,121 - mmdet - INFO - Hooks will be executed in the following order:
before_run:
(VERY_HIGH   ) StepLrUpdaterHook                  
(NORMAL      ) CheckpointHook                     
(LOW         ) DistEvalHook                       
(VERY_LOW    ) TextLoggerHook                     
(VERY_LOW    ) TensorboardLoggerHook              
 -------------------- 
before_train_epoch:
(VERY_HIGH   ) StepLrUpdaterHook                  
(NORMAL      ) DistSamplerSeedHook                
(LOW         ) IterTimerHook                      
(LOW         ) DistEvalHook                       
(VERY_LOW    ) TextLoggerHook                     
(VERY_LOW    ) TensorboardLoggerHook              
 -------------------- 
before_train_iter:
(VERY_HIGH   ) StepLrUpdaterHook                  
(LOW         ) IterTimerHook                      
(LOW         ) DistEvalHook                       
 -------------------- 
after_train_iter:
(ABOVE_NORMAL) OptimizerHook                      
(NORMAL      ) CheckpointHook                     
(LOW         ) IterTimerHook                      
(LOW         ) DistEvalHook                       
(VERY_LOW    ) TextLoggerHook                     
(VERY_LOW    ) TensorboardLoggerHook              
 -------------------- 
after_train_epoch:
(NORMAL      ) CheckpointHook                     
(NORMAL      ) EarlyStoppingHook                  
(LOW         ) DistEvalHook                       
(VERY_LOW    ) TextLoggerHook                     
(VERY_LOW    ) TensorboardLoggerHook              
 -------------------- 
before_val_epoch:
(NORMAL      ) DistSamplerSeedHook                
(LOW         ) IterTimerHook                      
(VERY_LOW    ) TextLoggerHook                     
(VERY_LOW    ) TensorboardLoggerHook              
 -------------------- 
before_val_iter:
(LOW         ) IterTimerHook                      
 -------------------- 
after_val_iter:
(LOW         ) IterTimerHook                      
 -------------------- 
after_val_epoch:
(VERY_LOW    ) TextLoggerHook                     
(VERY_LOW    ) TensorboardLoggerHook              
 -------------------- 
after_run:
(VERY_LOW    ) TextLoggerHook                     
(VERY_LOW    ) TensorboardLoggerHook              
 -------------------- 
2026-05-07 12:17:11,121 - mmdet - INFO - workflow: [('train', 1)], max: 300 epochs
2026-05-07 12:17:11,121 - mmdet - INFO - Checkpoints will be saved to /home/ahmadreza/Downloads/Research/M2SODAI/baseline_official/runs_swin_hbb/swin_t_hbb_fold_2 by HardDiskBackend.
2026-05-07 12:17:44,959 - mmdet - INFO - Epoch [1][50/101]	lr: 9.890e-06, eta: 5:40:22, time: 0.675, data_time: 0.066, memory: 7275, loss_rpn_cls: 0.6337, loss_rpn_bbox: 0.0123, loss_cls: 0.2911, acc: 95.3574, loss_bbox: 0.0512, loss: 0.9884
2026-05-07 12:18:16,217 - mmdet - INFO - Epoch [1][100/101]	lr: 1.988e-05, eta: 5:27:14, time: 0.625, data_time: 0.013, memory: 7275, loss_rpn_cls: 0.2973, loss_rpn_bbox: 0.0124, loss_cls: 0.1903, acc: 93.9697, loss_bbox: 0.1281, loss: 0.6281
2026-05-07 12:18:17,006 - mmdet - INFO - Saving checkpoint at 1 epochs
2026-05-07 12:18:52,830 - mmdet - INFO - Epoch [2][50/101]	lr: 3.007e-05, eta: 5:28:36, time: 0.675, data_time: 0.066, memory: 7275, loss_rpn_cls: 0.1012, loss_rpn_bbox: 0.0109, loss_cls: 0.2245, acc: 91.5996, loss_bbox: 0.1926, loss: 0.5292
2026-05-07 12:19:23,835 - mmdet - INFO - Epoch [2][100/101]	lr: 4.006e-05, eta: 5:23:50, time: 0.620, data_time: 0.013, memory: 7275, loss_rpn_cls: 0.0694, loss_rpn_bbox: 0.0102, loss_cls: 0.1944, acc: 92.6416, loss_bbox: 0.1663, loss: 0.4403
2026-05-07 12:19:24,624 - mmdet - INFO - Saving checkpoint at 2 epochs
2026-05-07 12:20:00,469 - mmdet - INFO - Epoch [3][50/101]	lr: 5.025e-05, eta: 5:24:59, time: 0.676, data_time: 0.066, memory: 7275, loss_rpn_cls: 0.0586, loss_rpn_bbox: 0.0089, loss_cls: 0.2138, acc: 91.3623, loss_bbox: 0.1936, loss: 0.4749
2026-05-07 12:20:31,546 - mmdet - INFO - Epoch [3][100/101]	lr: 6.024e-05, eta: 5:22:10, time: 0.622, data_time: 0.013, memory: 7275, loss_rpn_cls: 0.0469, loss_rpn_bbox: 0.0081, loss_cls: 0.2198, acc: 90.8721, loss_bbox: 0.1945, loss: 0.4693
2026-05-07 12:20:32,345 - mmdet - INFO - Saving checkpoint at 3 epochs
2026-05-07 12:21:08,253 - mmdet - INFO - Epoch [4][50/101]	lr: 7.043e-05, eta: 5:22:56, time: 0.676, data_time: 0.066, memory: 7275, loss_rpn_cls: 0.0420, loss_rpn_bbox: 0.0086, loss_cls: 0.2289, acc: 90.0400, loss_bbox: 0.2169, loss: 0.4964
2026-05-07 12:21:39,263 - mmdet - INFO - Epoch [4][100/101]	lr: 8.042e-05, eta: 5:20:44, time: 0.620, data_time: 0.013, memory: 7275, loss_rpn_cls: 0.0374, loss_rpn_bbox: 0.0065, loss_cls: 0.2117, acc: 91.0488, loss_bbox: 0.1823, loss: 0.4379
2026-05-07 12:21:40,051 - mmdet - INFO - Saving checkpoint at 4 epochs
2026-05-07 12:22:15,957 - mmdet - INFO - Epoch [5][50/101]	lr: 9.061e-05, eta: 5:21:14, time: 0.676, data_time: 0.066, memory: 7275, loss_rpn_cls: 0.0334, loss_rpn_bbox: 0.0075, loss_cls: 0.2129, acc: 90.8857, loss_bbox: 0.1985, loss: 0.4523
2026-05-07 12:22:47,015 - mmdet - INFO - Epoch [5][100/101]	lr: 1.000e-04, eta: 5:19:29, time: 0.621, data_time: 0.013, memory: 7275, loss_rpn_cls: 0.0330, loss_rpn_bbox: 0.0067, loss_cls: 0.2015, acc: 91.3301, loss_bbox: 0.1792, loss: 0.4204
2026-05-07 12:22:47,833 - mmdet - INFO - Saving checkpoint at 5 epochs
2026-05-07 12:23:23,755 - mmdet - INFO - Epoch [6][50/101]	lr: 1.000e-04, eta: 5:19:49, time: 0.676, data_time: 0.066, memory: 7275, loss_rpn_cls: 0.0276, loss_rpn_bbox: 0.0067, loss_cls: 0.2014, acc: 91.2832, loss_bbox: 0.1845, loss: 0.4201
2026-05-07 12:23:54,784 - mmdet - INFO - Epoch [6][100/101]	lr: 1.000e-04, eta: 5:18:17, time: 0.621, data_time: 0.013, memory: 7275, loss_rpn_cls: 0.0275, loss_rpn_bbox: 0.0055, loss_cls: 0.1936, acc: 91.6348, loss_bbox: 0.1745, loss: 0.4011
2026-05-07 12:23:55,565 - mmdet - INFO - Saving checkpoint at 6 epochs
2026-05-07 12:24:31,337 - mmdet - INFO - Epoch [7][50/101]	lr: 1.000e-04, eta: 5:18:23, time: 0.673, data_time: 0.066, memory: 7275, loss_rpn_cls: 0.0246, loss_rpn_bbox: 0.0050, loss_cls: 0.1793, acc: 92.3428, loss_bbox: 0.1525, loss: 0.3614
2026-05-07 12:25:02,382 - mmdet - INFO - Epoch [7][100/101]	lr: 1.000e-04, eta: 5:17:01, time: 0.621, data_time: 0.013, memory: 7275, loss_rpn_cls: 0.0268, loss_rpn_bbox: 0.0073, loss_cls: 0.2047, acc: 91.0273, loss_bbox: 0.1822, loss: 0.4210
2026-05-07 12:25:03,178 - mmdet - INFO - Saving checkpoint at 7 epochs
2026-05-07 12:25:38,939 - mmdet - INFO - Epoch [8][50/101]	lr: 1.000e-04, eta: 5:17:02, time: 0.673, data_time: 0.065, memory: 7275, loss_rpn_cls: 0.0175, loss_rpn_bbox: 0.0059, loss_cls: 0.1671, acc: 92.7832, loss_bbox: 0.1466, loss: 0.3372
2026-05-07 12:26:09,979 - mmdet - INFO - Epoch [8][100/101]	lr: 1.000e-04, eta: 5:15:48, time: 0.621, data_time: 0.013, memory: 7275, loss_rpn_cls: 0.0219, loss_rpn_bbox: 0.0051, loss_cls: 0.1818, acc: 92.0889, loss_bbox: 0.1648, loss: 0.3737
2026-05-07 12:26:10,782 - mmdet - INFO - Saving checkpoint at 8 epochs
2026-05-07 12:26:46,700 - mmdet - INFO - Epoch [9][50/101]	lr: 1.000e-05, eta: 5:15:51, time: 0.676, data_time: 0.066, memory: 7275, loss_rpn_cls: 0.0194, loss_rpn_bbox: 0.0049, loss_cls: 0.1700, acc: 92.6621, loss_bbox: 0.1472, loss: 0.3415
2026-05-07 12:27:17,697 - mmdet - INFO - Epoch [9][100/101]	lr: 1.000e-05, eta: 5:14:41, time: 0.620, data_time: 0.013, memory: 7275, loss_rpn_cls: 0.0162, loss_rpn_bbox: 0.0038, loss_cls: 0.1559, acc: 93.3467, loss_bbox: 0.1301, loss: 0.3061
2026-05-07 12:27:18,483 - mmdet - INFO - Saving checkpoint at 9 epochs
2026-05-07 12:27:54,412 - mmdet - INFO - Epoch [10][50/101]	lr: 1.000e-05, eta: 5:14:40, time: 0.676, data_time: 0.066, memory: 7275, loss_rpn_cls: 0.0174, loss_rpn_bbox: 0.0045, loss_cls: 0.1693, acc: 92.6943, loss_bbox: 0.1416, loss: 0.3329
2026-05-07 12:28:25,384 - mmdet - INFO - Epoch [10][100/101]	lr: 1.000e-05, eta: 5:13:33, time: 0.619, data_time: 0.013, memory: 7275, loss_rpn_cls: 0.0131, loss_rpn_bbox: 0.0034, loss_cls: 0.1480, acc: 93.7148, loss_bbox: 0.1241, loss: 0.2886
2026-05-07 12:28:26,173 - mmdet - INFO - Saving checkpoint at 10 epochs
2026-05-07 12:29:06,147 - mmdet - INFO - Evaluating bbox...
2026-05-07 12:29:11,226 - mmdet - INFO - 
 Average Precision  (AP) @[ IoU=0.50:0.95 | area=   all | maxDets=100 ] = 0.295
 Average Precision  (AP) @[ IoU=0.50      | area=   all | maxDets=1000 ] = 0.677
 Average Precision  (AP) @[ IoU=0.75      | area=   all | maxDets=1000 ] = 0.201
 Average Precision  (AP) @[ IoU=0.50:0.95 | area= small | maxDets=1000 ] = 0.022
 Average Precision  (AP) @[ IoU=0.50:0.95 | area=medium | maxDets=1000 ] = 0.252
 Average Precision  (AP) @[ IoU=0.50:0.95 | area= large | maxDets=1000 ] = 0.376
 Average Recall     (AR) @[ IoU=0.50:0.95 | area=   all | maxDets=100 ] = 0.446
 Average Recall     (AR) @[ IoU=0.50:0.95 | area=   all | maxDets=300 ] = 0.446
 Average Recall     (AR) @[ IoU=0.50:0.95 | area=   all | maxDets=1000 ] = 0.446
 Average Recall     (AR) @[ IoU=0.50:0.95 | area= small | maxDets=1000 ] = 0.031
 Average Recall     (AR) @[ IoU=0.50:0.95 | area=medium | maxDets=1000 ] = 0.401
 Average Recall     (AR) @[ IoU=0.50:0.95 | area= large | maxDets=1000 ] = 0.539

2026-05-07 12:29:11,236 - mmdet - INFO - Exp name: fold_2_swin_t_3x_hbb.py
2026-05-07 12:29:11,236 - mmdet - INFO - Epoch(val) [10][371]	bbox_mAP: 0.2950, bbox_mAP_50: 0.6770, bbox_mAP_75: 0.2010, bbox_mAP_s: 0.0220, bbox_mAP_m: 0.2520, bbox_mAP_l: 0.3760, bbox_mAP_copypaste: 0.295 0.677 0.201 0.022 0.252 0.376
2026-05-07 12:29:44,951 - mmdet - INFO - Epoch [11][50/101]	lr: 1.000e-05, eta: 5:13:26, time: 0.674, data_time: 0.066, memory: 7275, loss_rpn_cls: 0.0158, loss_rpn_bbox: 0.0037, loss_cls: 0.1608, acc: 93.0049, loss_bbox: 0.1375, loss: 0.3179
2026-05-07 12:30:16,039 - mmdet - INFO - Epoch [11][100/101]	lr: 1.000e-05, eta: 5:12:25, time: 0.622, data_time: 0.013, memory: 7275, loss_rpn_cls: 0.0138, loss_rpn_bbox: 0.0041, loss_cls: 0.1453, acc: 93.8174, loss_bbox: 0.1220, loss: 0.2851
2026-05-07 12:30:16,829 - mmdet - INFO - Saving checkpoint at 11 epochs
2026-05-07 12:30:52,609 - mmdet - INFO - Epoch [12][50/101]	lr: 1.000e-06, eta: 5:12:15, time: 0.673, data_time: 0.066, memory: 7275, loss_rpn_cls: 0.0135, loss_rpn_bbox: 0.0039, loss_cls: 0.1525, acc: 93.5342, loss_bbox: 0.1297, loss: 0.2997
2026-05-07 12:31:23,703 - mmdet - INFO - Epoch [12][100/101]	lr: 1.000e-06, eta: 5:11:18, time: 0.622, data_time: 0.013, memory: 7275, loss_rpn_cls: 0.0144, loss_rpn_bbox: 0.0037, loss_cls: 0.1542, acc: 93.2178, loss_bbox: 0.1312, loss: 0.3036
2026-05-07 12:31:24,479 - mmdet - INFO - Saving checkpoint at 12 epochs
2026-05-07 12:32:00,254 - mmdet - INFO - Epoch [13][50/101]	lr: 1.000e-06, eta: 5:11:06, time: 0.673, data_time: 0.066, memory: 7275, loss_rpn_cls: 0.0140, loss_rpn_bbox: 0.0041, loss_cls: 0.1573, acc: 93.3066, loss_bbox: 0.1297, loss: 0.3049
2026-05-07 12:32:31,261 - mmdet - INFO - Epoch [13][100/101]	lr: 1.000e-06, eta: 5:10:09, time: 0.620, data_time: 0.013, memory: 7275, loss_rpn_cls: 0.0126, loss_rpn_bbox: 0.0036, loss_cls: 0.1459, acc: 93.7598, loss_bbox: 0.1230, loss: 0.2851
2026-05-07 12:32:32,037 - mmdet - INFO - Saving checkpoint at 13 epochs
2026-05-07 12:33:07,857 - mmdet - INFO - Epoch [14][50/101]	lr: 1.000e-06, eta: 5:09:58, time: 0.675, data_time: 0.066, memory: 7275, loss_rpn_cls: 0.0162, loss_rpn_bbox: 0.0041, loss_cls: 0.1605, acc: 93.0791, loss_bbox: 0.1343, loss: 0.3151
2026-05-07 12:33:38,785 - mmdet - INFO - Epoch [14][100/101]	lr: 1.000e-06, eta: 5:09:01, time: 0.619, data_time: 0.013, memory: 7275, loss_rpn_cls: 0.0134, loss_rpn_bbox: 0.0036, loss_cls: 0.1406, acc: 93.9336, loss_bbox: 0.1192, loss: 0.2767
2026-05-07 12:33:39,562 - mmdet - INFO - Saving checkpoint at 14 epochs
2026-05-07 12:34:15,367 - mmdet - INFO - Epoch [15][50/101]	lr: 1.000e-06, eta: 5:08:47, time: 0.674, data_time: 0.066, memory: 7275, loss_rpn_cls: 0.0123, loss_rpn_bbox: 0.0036, loss_cls: 0.1418, acc: 94.0459, loss_bbox: 0.1182, loss: 0.2759
2026-05-07 12:34:46,394 - mmdet - INFO - Epoch [15][100/101]	lr: 1.000e-06, eta: 5:07:54, time: 0.621, data_time: 0.013, memory: 7275, loss_rpn_cls: 0.0141, loss_rpn_bbox: 0.0039, loss_cls: 0.1596, acc: 93.1465, loss_bbox: 0.1348, loss: 0.3124
2026-05-07 12:34:47,180 - mmdet - INFO - Saving checkpoint at 15 epochs
2026-05-07 12:35:23,014 - mmdet - INFO - Epoch [16][50/101]	lr: 1.000e-06, eta: 5:07:40, time: 0.675, data_time: 0.066, memory: 7275, loss_rpn_cls: 0.0139, loss_rpn_bbox: 0.0040, loss_cls: 0.1542, acc: 93.3223, loss_bbox: 0.1251, loss: 0.2972
2026-05-07 12:35:54,009 - mmdet - INFO - Epoch [16][100/101]	lr: 1.000e-06, eta: 5:06:48, time: 0.620, data_time: 0.013, memory: 7275, loss_rpn_cls: 0.0144, loss_rpn_bbox: 0.0037, loss_cls: 0.1494, acc: 93.6133, loss_bbox: 0.1312, loss: 0.2987
2026-05-07 12:35:54,795 - mmdet - INFO - Saving checkpoint at 16 epochs
2026-05-07 12:36:30,631 - mmdet - INFO - Epoch [17][50/101]	lr: 1.000e-06, eta: 5:06:32, time: 0.674, data_time: 0.066, memory: 7275, loss_rpn_cls: 0.0126, loss_rpn_bbox: 0.0037, loss_cls: 0.1514, acc: 93.4619, loss_bbox: 0.1242, loss: 0.2918
2026-05-07 12:37:01,679 - mmdet - INFO - Epoch [17][100/101]	lr: 1.000e-06, eta: 5:05:42, time: 0.621, data_time: 0.013, memory: 7275, loss_rpn_cls: 0.0135, loss_rpn_bbox: 0.0039, loss_cls: 0.1495, acc: 93.6279, loss_bbox: 0.1254, loss: 0.2924
2026-05-07 12:37:02,460 - mmdet - INFO - Saving checkpoint at 17 epochs
2026-05-07 12:37:38,269 - mmdet - INFO - Epoch [18][50/101]	lr: 1.000e-06, eta: 5:05:25, time: 0.674, data_time: 0.066, memory: 7275, loss_rpn_cls: 0.0143, loss_rpn_bbox: 0.0039, loss_cls: 0.1532, acc: 93.4160, loss_bbox: 0.1323, loss: 0.3037
2026-05-07 12:38:09,246 - mmdet - INFO - Epoch [18][100/101]	lr: 1.000e-06, eta: 5:04:35, time: 0.620, data_time: 0.013, memory: 7275, loss_rpn_cls: 0.0120, loss_rpn_bbox: 0.0037, loss_cls: 0.1470, acc: 93.6992, loss_bbox: 0.1213, loss: 0.2840
2026-05-07 12:38:10,047 - mmdet - INFO - Saving checkpoint at 18 epochs
2026-05-07 12:38:45,842 - mmdet - INFO - Epoch [19][50/101]	lr: 1.000e-06, eta: 5:04:17, time: 0.674, data_time: 0.066, memory: 7275, loss_rpn_cls: 0.0136, loss_rpn_bbox: 0.0039, loss_cls: 0.1524, acc: 93.3428, loss_bbox: 0.1271, loss: 0.2970
2026-05-07 12:39:16,811 - mmdet - INFO - Epoch [19][100/101]	lr: 1.000e-06, eta: 5:03:28, time: 0.619, data_time: 0.013, memory: 7275, loss_rpn_cls: 0.0134, loss_rpn_bbox: 0.0037, loss_cls: 0.1494, acc: 93.7207, loss_bbox: 0.1263, loss: 0.2927
2026-05-07 12:39:17,580 - mmdet - INFO - Saving checkpoint at 19 epochs
2026-05-07 12:39:53,451 - mmdet - INFO - Epoch [20][50/101]	lr: 1.000e-06, eta: 5:03:10, time: 0.675, data_time: 0.067, memory: 7275, loss_rpn_cls: 0.0140, loss_rpn_bbox: 0.0039, loss_cls: 0.1574, acc: 93.2344, loss_bbox: 0.1337, loss: 0.3090
2026-05-07 12:40:24,466 - mmdet - INFO - Epoch [20][100/101]	lr: 1.000e-06, eta: 5:02:23, time: 0.620, data_time: 0.013, memory: 7275, loss_rpn_cls: 0.0128, loss_rpn_bbox: 0.0040, loss_cls: 0.1430, acc: 93.8721, loss_bbox: 0.1189, loss: 0.2787
2026-05-07 12:40:25,250 - mmdet - INFO - Saving checkpoint at 20 epochs
2026-05-07 12:41:05,154 - mmdet - INFO - Evaluating bbox...
2026-05-07 12:41:10,104 - mmdet - INFO - 
 Average Precision  (AP) @[ IoU=0.50:0.95 | area=   all | maxDets=100 ] = 0.297
 Average Precision  (AP) @[ IoU=0.50      | area=   all | maxDets=1000 ] = 0.682
 Average Precision  (AP) @[ IoU=0.75      | area=   all | maxDets=1000 ] = 0.202
 Average Precision  (AP) @[ IoU=0.50:0.95 | area= small | maxDets=1000 ] = 0.017
 Average Precision  (AP) @[ IoU=0.50:0.95 | area=medium | maxDets=1000 ] = 0.253
 Average Precision  (AP) @[ IoU=0.50:0.95 | area= large | maxDets=1000 ] = 0.383
 Average Recall     (AR) @[ IoU=0.50:0.95 | area=   all | maxDets=100 ] = 0.450
 Average Recall     (AR) @[ IoU=0.50:0.95 | area=   all | maxDets=300 ] = 0.450
 Average Recall     (AR) @[ IoU=0.50:0.95 | area=   all | maxDets=1000 ] = 0.450
 Average Recall     (AR) @[ IoU=0.50:0.95 | area= small | maxDets=1000 ] = 0.028
 Average Recall     (AR) @[ IoU=0.50:0.95 | area=medium | maxDets=1000 ] = 0.403
 Average Recall     (AR) @[ IoU=0.50:0.95 | area= large | maxDets=1000 ] = 0.548

2026-05-07 12:41:10,114 - mmdet - INFO - Exp name: fold_2_swin_t_3x_hbb.py
2026-05-07 12:41:10,114 - mmdet - INFO - Epoch(val) [20][371]	bbox_mAP: 0.2970, bbox_mAP_50: 0.6820, bbox_mAP_75: 0.2020, bbox_mAP_s: 0.0170, bbox_mAP_m: 0.2530, bbox_mAP_l: 0.3830, bbox_mAP_copypaste: 0.297 0.682 0.202 0.017 0.253 0.383
2026-05-07 12:41:43,762 - mmdet - INFO - Epoch [21][50/101]	lr: 1.000e-06, eta: 5:02:02, time: 0.673, data_time: 0.066, memory: 7275, loss_rpn_cls: 0.0113, loss_rpn_bbox: 0.0034, loss_cls: 0.1408, acc: 94.0205, loss_bbox: 0.1207, loss: 0.2762
2026-05-07 12:42:14,866 - mmdet - INFO - Epoch [21][100/101]	lr: 1.000e-06, eta: 5:01:17, time: 0.622, data_time: 0.013, memory: 7275, loss_rpn_cls: 0.0145, loss_rpn_bbox: 0.0040, loss_cls: 0.1592, acc: 93.0977, loss_bbox: 0.1316, loss: 0.3094
2026-05-07 12:42:15,655 - mmdet - INFO - Saving checkpoint at 21 epochs
2026-05-07 12:42:51,469 - mmdet - INFO - Epoch [22][50/101]	lr: 1.000e-06, eta: 5:00:57, time: 0.674, data_time: 0.066, memory: 7275, loss_rpn_cls: 0.0138, loss_rpn_bbox: 0.0039, loss_cls: 0.1463, acc: 93.7168, loss_bbox: 0.1272, loss: 0.2912
2026-05-07 12:43:22,552 - mmdet - INFO - Epoch [22][100/101]	lr: 1.000e-06, eta: 5:00:12, time: 0.622, data_time: 0.013, memory: 7275, loss_rpn_cls: 0.0123, loss_rpn_bbox: 0.0036, loss_cls: 0.1520, acc: 93.4531, loss_bbox: 0.1247, loss: 0.2926
2026-05-07 12:43:23,344 - mmdet - INFO - Saving checkpoint at 22 epochs
2026-05-07 12:43:59,256 - mmdet - INFO - Epoch [23][50/101]	lr: 1.000e-06, eta: 4:59:52, time: 0.675, data_time: 0.066, memory: 7275, loss_rpn_cls: 0.0112, loss_rpn_bbox: 0.0032, loss_cls: 0.1379, acc: 94.1553, loss_bbox: 0.1173, loss: 0.2696
2026-05-07 12:44:30,277 - mmdet - INFO - Epoch [23][100/101]	lr: 1.000e-06, eta: 4:59:07, time: 0.620, data_time: 0.013, memory: 7275, loss_rpn_cls: 0.0146, loss_rpn_bbox: 0.0041, loss_cls: 0.1568, acc: 93.2383, loss_bbox: 0.1316, loss: 0.3071
2026-05-07 12:44:31,056 - mmdet - INFO - Saving checkpoint at 23 epochs
2026-05-07 12:45:06,897 - mmdet - INFO - Epoch [24][50/101]	lr: 1.000e-06, eta: 4:58:46, time: 0.675, data_time: 0.066, memory: 7275, loss_rpn_cls: 0.0119, loss_rpn_bbox: 0.0036, loss_cls: 0.1440, acc: 93.8750, loss_bbox: 0.1197, loss: 0.2792
2026-05-07 12:45:37,890 - mmdet - INFO - Epoch [24][100/101]	lr: 1.000e-06, eta: 4:58:01, time: 0.620, data_time: 0.013, memory: 7275, loss_rpn_cls: 0.0136, loss_rpn_bbox: 0.0039, loss_cls: 0.1541, acc: 93.3076, loss_bbox: 0.1297, loss: 0.3013
2026-05-07 12:45:38,669 - mmdet - INFO - Saving checkpoint at 24 epochs
2026-05-07 12:46:14,482 - mmdet - INFO - Epoch [25][50/101]	lr: 1.000e-06, eta: 4:57:40, time: 0.674, data_time: 0.066, memory: 7275, loss_rpn_cls: 0.0150, loss_rpn_bbox: 0.0042, loss_cls: 0.1555, acc: 93.2676, loss_bbox: 0.1275, loss: 0.3022
2026-05-07 12:46:45,443 - mmdet - INFO - Epoch [25][100/101]	lr: 1.000e-06, eta: 4:56:55, time: 0.619, data_time: 0.013, memory: 7275, loss_rpn_cls: 0.0111, loss_rpn_bbox: 0.0034, loss_cls: 0.1398, acc: 93.9414, loss_bbox: 0.1204, loss: 0.2747
2026-05-07 12:46:46,228 - mmdet - INFO - Saving checkpoint at 25 epochs
